    No Index Weight Years St_year Av annual rainfall
	
 target Station
     0 66037  1.000     0    -1   1086.71
	 
 Nearby Stations
     1 61072  0.254   119  1890   1219.40
     2 66072  0.212    47  1957   1149.97
     3 61003  0.195    36  1935   1289.12
     4 61223  0.172    29  1964   1106.40
     5 66101  0.167    25  1889   1130.00